project: WebApp Framework
goal: Create a modern web application framework
modules:
  - name: routing
    purpose: Handle URL routing and request mapping
  - name: middleware
    purpose: Process requests and responses
  - name: database
    purpose: Manage database connections and queries
  - name: authentication
    purpose: Handle user authentication and authorization
  - name: templating
    purpose: Render dynamic views
  - name: api
    purpose: RESTful API endpoints
test_mode: true 